<html>
<body>
<pre>
<h1>µVision Build Log</h1>
<h2>Tool Versions:</h2>
IDE-Version: µVision V5.24.2.0
Copyright (C) 2017 ARM Ltd and ARM Germany GmbH. All rights reserved.
License Information: Benjamin Stone, Student, LIC=----
 
Tool Versions:
Toolchain:       MDK-Lite  Version: 5.24.1
Toolchain Path:  C:\Keil_v5\ARM\ARMCC\Bin
C Compiler:      Armcc.exe V5.06 update 5 (build 528)
Assembler:       Armasm.exe V5.06 update 5 (build 528)
Linker/Locator:  ArmLink.exe V5.06 update 5 (build 528)
Library Manager: ArmAr.exe V5.06 update 5 (build 528)
Hex Converter:   FromElf.exe V5.06 update 5 (build 528)
CPU DLL:         SARMCM3.DLL V5.24.1
Dialog DLL:      DARMCM1.DLL V1.18.0.0
Target DLL:      Segger\JL2CM3.dll V2.99.26.0
Dialog DLL:      TARMCM1.DLL V1.13.0.0
 
<h2>Project:</h2>
C:\Users\Drben\Google Drive\NCSU\NCSU 2017-18\2017 Fall\ECE 492\ESA-17 Github Repo\ESA-17-master\Architectures\Debug-LCDs-Profiler-RTX5-CMSISv2\TFT-TS-BL-Profiler-RTX-CMSIS.uvprojx
Project File Date:  03/11/2018

<h2>Output:</h2>
*** Using Compiler 'V5.06 update 5 (build 528)', folder: 'C:\Keil_v5\ARM\ARMCC\Bin'
Rebuild target 'TFT LCD'
compiling DMA.c...
compiling I2C.c...
compiling delay.c...
compiling main.c...
compiling LEDs.c...
compiling MMA8451.c...
compiling threads.c...
compiling timers.c...
compiling sound.c...
Source\sound.c(207): warning:  #177-D: variable "initialized"  was declared but never referenced
  	uint8_t initialized = 0;
Source\sound.c: 1 warning, 0 errors
compiling lucida_12x19.c...
compiling lucida_8x13.c...
compiling lucida_20x31.c...
compiling LCD_graphics.c...
compiling debug.c...
compiling LCD_text.c...
Source\LCD\LCD_text.c(97): warning:  #177-D: variable "cur_pos"  was declared but never referenced
  	PT_T end_pos, cur_pos;
Source\LCD\LCD_text.c: 1 warning, 0 errors
compiling T6963.c...
compiling touchscreen.c...
compiling ST7789.c...
compiling region.c...
compiling profile.c...
compiling RTX_Config.c...
assembling startup_MKL25Z4.s...
compiling rtx_lib.c...
compiling system_MKL25Z4.c...
linking...
Program Size: Code=20908 RO-data=4932 RW-data=5664 ZI-data=3464  
".\Objects\TFT-TS-BL-Profiler-RTX-CMSIS.axf" - 0 Error(s), 2 Warning(s).

<h2>Software Packages used:</h2>

Package Vendor: ARM
                http://www.keil.com/pack/ARM.CMSIS.5.3.0.pack
                ARM.CMSIS.5.3.0
                CMSIS (Cortex Microcontroller Software Interface Standard)
   * Component: Keil RTX5 Variant: Library Version: 5.3.0
   * Component: CORE Version: 5.1.1
   * Component: RTOS2 Version: 2.1.2

Package Vendor: Keil
                http://www.keil.com/pack/Keil.Kinetis_KLxx_DFP.1.14.0.pack
                Keil.Kinetis_KLxx_DFP.1.14.0
                NXP Kinetis KLxx Series Device Support and Examples
   * Component: Startup Version: 2.5.0

<h2>Collection of Component include folders:</h2>
  .\RTE\CMSIS
  .\RTE\Device\MKL25Z128xxx4
  .\RTE\_TFT_LCD
  C:\Keil_v5\ARM\PACK\ARM\CMSIS\5.3.0\CMSIS\Include
  C:\Keil_v5\ARM\PACK\ARM\CMSIS\5.3.0\CMSIS\RTOS2\Include
  C:\Keil_v5\ARM\PACK\ARM\CMSIS\5.3.0\CMSIS\RTOS2\RTX\Include
  C:\Keil_v5\ARM\PACK\Keil\Kinetis_KLxx_DFP\1.14.0\Device\Include

<h2>Collection of Component Files used:</h2>

   * Component: Keil::Device:Startup:2.5.0
      Source file:   Device\Source\ARM\startup_MKL25Z4.s
      Source file:   Device\Source\system_MKL25Z4.c
      Include file:  Device\Source\system_MKL25Z4.h

   * Component: ARM::CMSIS:RTOS2:Keil RTX5:Library:5.3.0
      Source file:   CMSIS\RTOS2\RTX\Template\Mutex.c
      Source file:   CMSIS\RTOS2\RTX\Template\MemPool.c
      Source file:   CMSIS\RTOS2\RTX\Template\Timer.c
      Source file:   CMSIS\RTOS2\RTX\Template\Thread.c
      Source file:   CMSIS\RTOS2\RTX\Config\RTX_Config.c
      Source file:   CMSIS\RTOS2\RTX\Template\main.c
      Source file:   CMSIS\RTOS2\RTX\Template\Semaphore.c
      Source file:   CMSIS\RTOS2\RTX\Template\Events.c
      Include file:  CMSIS\RTOS2\RTX\Include\rtx_os.h
      Source file:   CMSIS\RTOS2\RTX\Template\svc_user.c
      Source file:   CMSIS\RTOS2\RTX\Template\MsgQueue.c
      Source file:   CMSIS\RTOS2\RTX\Source\rtx_lib.c
      Include file:  CMSIS\RTOS2\RTX\Config\RTX_Config.h
      Library file:  CMSIS\RTOS2\RTX\Library\ARM\RTX_CM0.lib

   * Component: ARM::CMSIS:CORE:5.1.1

   * Component: ::CMSIS:RTOS2:2.1.2 (API)
      Include file:  CMSIS\RTOS2\Include\cmsis_os2.h
Build Time Elapsed:  00:00:18
</pre>
</body>
</html>
